mode: set
github.com/opslang/opslang/pkg/ops-core-sdk/file/file.go:69.45,71.16 2 1
github.com/opslang/opslang/pkg/ops-core-sdk/file/file.go:71.16,73.3 1 1
github.com/opslang/opslang/pkg/ops-core-sdk/file/file.go:74.2,78.8 1 1
github.com/opslang/opslang/pkg/ops-core-sdk/file/file.go:82.62,83.66 1 1
github.com/opslang/opslang/pkg/ops-core-sdk/file/file.go:83.66,85.3 1 1
github.com/opslang/opslang/pkg/ops-core-sdk/file/file.go:86.2,89.8 1 1
github.com/opslang/opslang/pkg/ops-core-sdk/file/file.go:93.48,95.16 2 1
github.com/opslang/opslang/pkg/ops-core-sdk/file/file.go:95.16,97.3 1 1
github.com/opslang/opslang/pkg/ops-core-sdk/file/file.go:98.2,101.16 3 1
github.com/opslang/opslang/pkg/ops-core-sdk/file/file.go:101.16,103.3 1 0
github.com/opslang/opslang/pkg/ops-core-sdk/file/file.go:105.2,106.16 2 1
github.com/opslang/opslang/pkg/ops-core-sdk/file/file.go:106.16,108.3 1 0
github.com/opslang/opslang/pkg/ops-core-sdk/file/file.go:110.2,111.52 2 1
github.com/opslang/opslang/pkg/ops-core-sdk/file/file.go:111.52,113.3 1 0
github.com/opslang/opslang/pkg/ops-core-sdk/file/file.go:114.2,114.16 1 1
github.com/opslang/opslang/pkg/ops-core-sdk/file/file.go:114.16,116.3 1 0
github.com/opslang/opslang/pkg/ops-core-sdk/file/file.go:118.2,122.8 1 1
github.com/opslang/opslang/pkg/ops-core-sdk/file/file.go:126.48,127.44 1 1
github.com/opslang/opslang/pkg/ops-core-sdk/file/file.go:127.44,129.3 1 1
github.com/opslang/opslang/pkg/ops-core-sdk/file/file.go:130.2,133.8 1 1
github.com/opslang/opslang/pkg/ops-core-sdk/file/file.go:137.48,139.41 2 1
github.com/opslang/opslang/pkg/ops-core-sdk/file/file.go:139.41,140.25 1 1
github.com/opslang/opslang/pkg/ops-core-sdk/file/file.go:140.25,142.4 1 1
github.com/opslang/opslang/pkg/ops-core-sdk/file/file.go:142.9,144.4 1 0
github.com/opslang/opslang/pkg/ops-core-sdk/file/file.go:147.2,147.13 1 1
github.com/opslang/opslang/pkg/ops-core-sdk/file/file.go:147.13,148.41 1 1
github.com/opslang/opslang/pkg/ops-core-sdk/file/file.go:148.41,150.4 1 0
github.com/opslang/opslang/pkg/ops-core-sdk/file/file.go:153.2,156.8 1 1
github.com/opslang/opslang/pkg/ops-core-sdk/file/file.go:160.48,162.16 2 1
github.com/opslang/opslang/pkg/ops-core-sdk/file/file.go:162.16,163.25 1 1
github.com/opslang/opslang/pkg/ops-core-sdk/file/file.go:163.25,169.4 1 1
github.com/opslang/opslang/pkg/ops-core-sdk/file/file.go:170.3,170.60 1 0
github.com/opslang/opslang/pkg/ops-core-sdk/file/file.go:172.2,176.8 1 1
github.com/opslang/opslang/pkg/ops-core-sdk/file/file.go:181.42,183.16 2 1
github.com/opslang/opslang/pkg/ops-core-sdk/file/file.go:183.16,185.3 1 1
github.com/opslang/opslang/pkg/ops-core-sdk/file/file.go:186.2,193.8 1 1
github.com/opslang/opslang/pkg/ops-core-sdk/file/file.go:197.59,198.58 1 1
github.com/opslang/opslang/pkg/ops-core-sdk/file/file.go:198.58,200.3 1 1
github.com/opslang/opslang/pkg/ops-core-sdk/file/file.go:201.2,204.8 1 1
